******************************************************************************
                  TI ARM Linker PC v18.1.2                     
******************************************************************************
>> Linked Tue Aug 28 17:57:56 2018

OUTPUT FILE NAME:   <helloworld.out>
ENTRY POINT SYMBOL: "_c_int00_noargs"  address: 0000243d


MEMORY CONFIGURATION

         name            origin    length      used     unused   attr    fill
----------------------  --------  ---------  --------  --------  ----  --------
  FLASH                 00000000   00040000  00002773  0003d88d  R  X
  SRAM                  20000000   00008000  00000858  000077a8  RW X


SEGMENT ALLOCATION MAP

run origin  load origin   length   init length attrs members
----------  ----------- ---------- ----------- ----- -------
00000000    00000000    00002778   00002778    r-x
  00000000    00000000    0000026c   0000026c    r-- .intvecs
  0000026c    0000026c    00002384   00002384    r-x .text
  000025f0    000025f0    00000153   00000153    r-- .const
  00002748    00002748    00000030   00000030    r-- .cinit
20000000    20000000    00000858   00000000    rw-
  20000000    20000000    00000800   00000000    rw- .stack
  20000800    20000800    00000054   00000000    rw- .bss
  20000854    20000854    00000004   00000000    rw- .data


SECTION ALLOCATION MAP

 output                                  attributes/
section   page    origin      length       input sections
--------  ----  ----------  ----------   ----------------
.intvecs   0    00000000    0000026c     
                  00000000    0000026c     tm4c123gh6pm_startup_ccs.obj (.intvecs)

.text      0    0000026c    00002384     
                  0000026c    00000a5e     rtsv7M4_T_le_v4SPD16_eabi.lib : _printfi.c.obj (.text:__TI_printfi)
                  00000cca    00000002                                   : div0.asm.obj (.text)
                  00000ccc    000002ec     lcd.obj (.text)
                  00000fb8    00000270     rtsv7M4_T_le_v4SPD16_eabi.lib : _printfi.c.obj (.text:_pconv_a)
                  00001228    000001d0                                   : _printfi.c.obj (.text:_pconv_g)
                  000013f8    000001b6                                   : fd_add_t2.asm.obj (.text)
                  000015ae    00000002     --HOLE-- [fill = 0]
                  000015b0    00000158     timer.obj (.text)
                  00001708    0000013c     rtsv7M4_T_le_v4SPD16_eabi.lib : _printfi.c.obj (.text:_pconv_e)
                  00001844    00000136                                   : fd_div_t2.asm.obj (.text)
                  0000197a    00000002     --HOLE-- [fill = 0]
                  0000197c    00000120                                   : _printfi.c.obj (.text:fcvt)
                  00001a9c    00000110                                   : s_scalbn.c.obj (.text:scalbn)
                  00001bac    000000fc                                   : fd_mul_t2.asm.obj (.text)
                  00001ca8    000000b1                                   : _printfi.c.obj (.text:_ltostr)
                  00001d59    00000001     --HOLE-- [fill = 0]
                  00001d5a    0000009c                                   : memcpy_t2.asm.obj (.text)
                  00001df6    00000096                                   : ull_div_t2.asm.obj (.text)
                  00001e8c    00000086                                   : fd_cmp_t2.asm.obj (.text:__aeabi_cdcmple)
                  00001f12    00000086                                   : fd_cmp_t2.asm.obj (.text:__aeabi_cdrcmple)
                  00001f98    0000007a                                   : memset_t2.asm.obj (.text)
                  00002012    0000006e                                   : _printfi.c.obj (.text:_mcpy)
                  00002080    00000068                                   : copy_decompress_lzss.c.obj (.text:decompress:lzss:__TI_decompress_lzss)
                  000020e8    00000064                                   : s_frexp.c.obj (.text:frexp)
                  0000214c    0000005c     helloworld.obj (.text)
                  000021a8    00000056     rtsv7M4_T_le_v4SPD16_eabi.lib : _printfi.c.obj (.text:_pconv_f)
                  000021fe    00000054                                   : ltoa.c.obj (.text:ltoa)
                  00002252    00000052                                   : _printfi.c.obj (.text:_ecpy)
                  000022a4    0000004c                                   : atoi.c.obj (.text:atoi)
                  000022f0    00000048                                   : fd_toi_t2.asm.obj (.text)
                  00002338    00000044                                   : autoinit.c.obj (.text:__TI_auto_init_nobinit_nopinit:__TI_auto_init_nobinit_nopinit)
                  0000237c    00000040                                   : sprintf.c.obj (.text:sprintf)
                  000023bc    00000040                                   : vsnprintf.c.obj (.text:vsnprintf)
                  000023fc    0000003e                                   : _printfi.c.obj (.text:_fcpy)
                  0000243a    00000002     --HOLE-- [fill = 0]
                  0000243c    00000038                                   : boot_cortex_m.c.obj (.text:_c_int00_noargs:_c_int00_noargs)
                  00002474    00000030                                   : vsnprintf.c.obj (.text:_outs)
                  000024a4    0000002e                                   : i_tofd_t2.asm.obj (.text)
                  000024d2    0000001c                                   : memccpy.c.obj (.text:memccpy)
                  000024ee    00000018                                   : vsnprintf.c.obj (.text:_outc)
                  00002506    00000018                                   : sprintf.c.obj (.text:_outs)
                  0000251e    00000018                                   : strcmp.c.obj (.text:strcmp)
                  00002536    00000016                                   : strchr.c.obj (.text:strchr)
                  0000254c    00000014                                   : s_copysign.c.obj (.text:copysign)
                  00002560    00000014                                   : strcpy.c.obj (.text:strcpy)
                  00002574    00000014                                   : strlen.c.obj (.text:strlen)
                  00002588    00000012                                   : copy_zero_init.c.obj (.text:decompress:ZI:__TI_zero_init_nomemset:__TI_zero_init_nomemset)
                  0000259a    00000012                                   : wcslen.c.obj (.text:wcslen)
                  000025ac    00000010     lcd.obj (.text:lcd_clear)
                  000025bc    0000000e     rtsv7M4_T_le_v4SPD16_eabi.lib : copy_decompress_none.c.obj (.text:decompress:none:__TI_decompress_none)
                  000025ca    0000000c     tm4c123gh6pm_startup_ccs.obj (.text)
                  000025d6    0000000a     rtsv7M4_T_le_v4SPD16_eabi.lib : sprintf.c.obj (.text:_outc)
                  000025e0    00000008                                   : errno.c.obj (.text:__aeabi_errno_addr)
                  000025e8    00000004                                   : pre_init.c.obj (.text:_system_pre_init)
                  000025ec    00000004                                   : exit.c.obj (.text:abort:abort)

.const     0    000025f0    00000153     
                  000025f0    00000101     rtsv7M4_T_le_v4SPD16_eabi.lib : ctype.c.obj (.const:.string:_ctypes_)
                  000026f1    0000004a     helloworld.obj (.const:.string:$P$T0$1)
                  0000273b    00000004     lcd.obj (.const:.string:lineAddress$1)
                  0000273f    00000004     lcd.obj (.const:.string:lineAddresses$2)

.cinit     0    00002748    00000030     
                  00002748    0000000c     (__TI_handler_table)
                  00002754    00000004     --HOLE-- [fill = 0]
                  00002758    00000008     (.cinit..bss.load) [load image, compression = zero_init]
                  00002760    00000007     (.cinit..data.load) [load image, compression = lzss]
                  00002767    00000001     --HOLE-- [fill = 0]
                  00002768    00000010     (__TI_cinit_table)

.init_array 
*          0    00000000    00000000     UNINITIALIZED

.bss       0    20000800    00000054     UNINITIALIZED
                  20000800    00000054     lcd.obj (.bss:lastbuffer$3)

.data      0    20000854    00000004     UNINITIALIZED
                  20000854    00000004     rtsv7M4_T_le_v4SPD16_eabi.lib : errno.c.obj (.data)

.stack     0    20000000    00000800     UNINITIALIZED
                  20000000    00000004     rtsv7M4_T_le_v4SPD16_eabi.lib : boot_cortex_m.c.obj (.stack)
                  20000004    000007fc     --HOLE--

MODULE SUMMARY

       Module                         code   ro data   rw data
       ------                         ----   -------   -------
    .\
       lcd.obj                        764    8         84     
       tm4c123gh6pm_startup_ccs.obj   12     620       0      
       timer.obj                      344    0         0      
       helloworld.obj                 92     74        0      
    +--+------------------------------+------+---------+---------+
       Total:                         1212   702       84     
                                                              
    C:\ti\ccsv8\tools\compiler\ti-cgt-arm_18.1.2.LTS\lib\rtsv7M4_T_le_v4SPD16_eabi.lib
       _printfi.c.obj                 4863   0         0      
       fd_add_t2.asm.obj              438    0         0      
       fd_div_t2.asm.obj              310    0         0      
       s_scalbn.c.obj                 272    0         0      
       fd_cmp_t2.asm.obj              268    0         0      
       ctype.c.obj                    0      257       0      
       fd_mul_t2.asm.obj              252    0         0      
       memcpy_t2.asm.obj              156    0         0      
       ull_div_t2.asm.obj             150    0         0      
       vsnprintf.c.obj                136    0         0      
       memset_t2.asm.obj              122    0         0      
       copy_decompress_lzss.c.obj     104    0         0      
       s_frexp.c.obj                  100    0         0      
       sprintf.c.obj                  98     0         0      
       ltoa.c.obj                     84     0         0      
       atoi.c.obj                     76     0         0      
       fd_toi_t2.asm.obj              72     0         0      
       autoinit.c.obj                 68     0         0      
       boot_cortex_m.c.obj            56     0         0      
       i_tofd_t2.asm.obj              46     0         0      
       memccpy.c.obj                  28     0         0      
       strcmp.c.obj                   24     0         0      
       strchr.c.obj                   22     0         0      
       s_copysign.c.obj               20     0         0      
       strcpy.c.obj                   20     0         0      
       strlen.c.obj                   20     0         0      
       copy_zero_init.c.obj           18     0         0      
       wcslen.c.obj                   18     0         0      
       copy_decompress_none.c.obj     14     0         0      
       errno.c.obj                    8      0         4      
       exit.c.obj                     4      0         0      
       pre_init.c.obj                 4      0         0      
       div0.asm.obj                   2      0         0      
    +--+------------------------------+------+---------+---------+
       Total:                         7873   257       4      
                                                              
       Stack:                         0      0         2048   
       Linker Generated:              0      43        0      
    +--+------------------------------+------+---------+---------+
       Grand Total:                   9085   1002      2136   


LINKER GENERATED COPY TABLES

__TI_cinit_table @ 00002768 records: 2, size/record: 8, table size: 16
	.bss: load addr=00002758, load size=00000008 bytes, run addr=20000800, run size=00000054 bytes, compression=zero_init
	.data: load addr=00002760, load size=00000007 bytes, run addr=20000854, run size=00000004 bytes, compression=lzss


LINKER GENERATED HANDLER TABLE

__TI_handler_table @ 00002748 records: 3, size/record: 4, table size: 12
	index: 0, handler: __TI_decompress_lzss
	index: 1, handler: __TI_decompress_none
	index: 2, handler: __TI_zero_init


GLOBAL SYMBOLS: SORTED ALPHABETICALLY BY Name 

address   name                          
-------   ----                          
000025ed  C$$EXIT                       
000025cb  ResetISR                      
20000800  __STACK_END                   
00000800  __STACK_SIZE                  
20000200  __STACK_TOP                   
00002768  __TI_CINIT_Base               
00002778  __TI_CINIT_Limit              
00002748  __TI_Handler_Table_Base       
00002754  __TI_Handler_Table_Limit      
00002339  __TI_auto_init_nobinit_nopinit
00002081  __TI_decompress_lzss          
000025bd  __TI_decompress_none          
ffffffff  __TI_pprof_out_hndl           
0000026d  __TI_printfi                  
ffffffff  __TI_prof_data_size           
ffffffff  __TI_prof_data_start          
00000000  __TI_static_base__            
00002589  __TI_zero_init_nomemset       
00001e8d  __aeabi_cdcmpeq               
00001e8d  __aeabi_cdcmple               
00001f13  __aeabi_cdrcmple              
000022f1  __aeabi_d2iz                  
00001403  __aeabi_dadd                  
00001845  __aeabi_ddiv                  
00001bad  __aeabi_dmul                  
000013f9  __aeabi_dsub                  
000025e1  __aeabi_errno_addr            
000024a5  __aeabi_i2d                   
00000ccb  __aeabi_idiv0                 
00000ccb  __aeabi_ldiv0                 
00001f99  __aeabi_memclr                
00001f99  __aeabi_memclr4               
00001f99  __aeabi_memclr8               
00001d5b  __aeabi_memcpy                
00001d5b  __aeabi_memcpy4               
00001d5b  __aeabi_memcpy8               
00001f9b  __aeabi_memset                
00001f9b  __aeabi_memset4               
00001f9b  __aeabi_memset8               
00001df7  __aeabi_uldivmod              
ffffffff  __binit__                     
ffffffff  __c_args__                    
UNDEFED   __mpu_init                    
20000000  __stack                       
0000243d  _c_int00_noargs               
000025f0  _ctypes_                      
UNDEFED   _system_post_cinit            
000025e9  _system_pre_init              
000025ed  abort                         
000022a5  atoi                          
ffffffff  binit                         
0000254d  copysign                      
0000254d  copysignl                     
20000854  errno                         
000020e9  frexp                         
000020e9  frexpl                        
00000000  g_pfnVectors                  
000025ad  lcd_clear                     
00000e65  lcd_gotoLine                  
00000ccd  lcd_init                      
00000ecb  lcd_printf                    
00000d8d  lcd_putc                      
00000dc5  lcd_puts                      
00000de3  lcd_sendCommand               
00000e21  lcd_sendNibble                
00000e8d  lcd_setCursorPos              
00001a9d  ldexp                         
00001a9d  ldexpl                        
000021ff  ltoa                          
0000214d  main                          
000024d3  memccpy                       
00001d5b  memcpy                        
00001fa1  memset                        
00001a9d  scalbn                        
00001a9d  scalbnl                       
0000237d  sprintf                       
00002537  strchr                        
0000251f  strcmp                        
00002561  strcpy                        
00002575  strlen                        
000016c1  timer_getClock                
00001675  timer_startClock              
0000160f  timer_startTimer              
000016c7  timer_stopClock               
0000165f  timer_stopTimer               
000015e5  timer_waitMicros              
000015b1  timer_waitMillis              
000023bd  vsnprintf                     
0000259b  wcslen                        


GLOBAL SYMBOLS: SORTED BY Symbol Address 

address   name                          
-------   ----                          
00000000  __TI_static_base__            
00000000  g_pfnVectors                  
0000026d  __TI_printfi                  
00000800  __STACK_SIZE                  
00000ccb  __aeabi_idiv0                 
00000ccb  __aeabi_ldiv0                 
00000ccd  lcd_init                      
00000d8d  lcd_putc                      
00000dc5  lcd_puts                      
00000de3  lcd_sendCommand               
00000e21  lcd_sendNibble                
00000e65  lcd_gotoLine                  
00000e8d  lcd_setCursorPos              
00000ecb  lcd_printf                    
000013f9  __aeabi_dsub                  
00001403  __aeabi_dadd                  
000015b1  timer_waitMillis              
000015e5  timer_waitMicros              
0000160f  timer_startTimer              
0000165f  timer_stopTimer               
00001675  timer_startClock              
000016c1  timer_getClock                
000016c7  timer_stopClock               
00001845  __aeabi_ddiv                  
00001a9d  ldexp                         
00001a9d  ldexpl                        
00001a9d  scalbn                        
00001a9d  scalbnl                       
00001bad  __aeabi_dmul                  
00001d5b  __aeabi_memcpy                
00001d5b  __aeabi_memcpy4               
00001d5b  __aeabi_memcpy8               
00001d5b  memcpy                        
00001df7  __aeabi_uldivmod              
00001e8d  __aeabi_cdcmpeq               
00001e8d  __aeabi_cdcmple               
00001f13  __aeabi_cdrcmple              
00001f99  __aeabi_memclr                
00001f99  __aeabi_memclr4               
00001f99  __aeabi_memclr8               
00001f9b  __aeabi_memset                
00001f9b  __aeabi_memset4               
00001f9b  __aeabi_memset8               
00001fa1  memset                        
00002081  __TI_decompress_lzss          
000020e9  frexp                         
000020e9  frexpl                        
0000214d  main                          
000021ff  ltoa                          
000022a5  atoi                          
000022f1  __aeabi_d2iz                  
00002339  __TI_auto_init_nobinit_nopinit
0000237d  sprintf                       
000023bd  vsnprintf                     
0000243d  _c_int00_noargs               
000024a5  __aeabi_i2d                   
000024d3  memccpy                       
0000251f  strcmp                        
00002537  strchr                        
0000254d  copysign                      
0000254d  copysignl                     
00002561  strcpy                        
00002575  strlen                        
00002589  __TI_zero_init_nomemset       
0000259b  wcslen                        
000025ad  lcd_clear                     
000025bd  __TI_decompress_none          
000025cb  ResetISR                      
000025e1  __aeabi_errno_addr            
000025e9  _system_pre_init              
000025ed  C$$EXIT                       
000025ed  abort                         
000025f0  _ctypes_                      
00002748  __TI_Handler_Table_Base       
00002754  __TI_Handler_Table_Limit      
00002768  __TI_CINIT_Base               
00002778  __TI_CINIT_Limit              
20000000  __stack                       
20000200  __STACK_TOP                   
20000800  __STACK_END                   
20000854  errno                         
ffffffff  __TI_pprof_out_hndl           
ffffffff  __TI_prof_data_size           
ffffffff  __TI_prof_data_start          
ffffffff  __binit__                     
ffffffff  __c_args__                    
ffffffff  binit                         
UNDEFED   __mpu_init                    
UNDEFED   _system_post_cinit            

[89 symbols]
