******************************************************************************
                  TI ARM Linker PC v18.1.2                     
******************************************************************************
>> Linked Tue Oct 16 16:32:42 2018

OUTPUT FILE NAME:   <lab7.out>
ENTRY POINT SYMBOL: "_c_int00_noargs"  address: 000025e5


MEMORY CONFIGURATION

         name            origin    length      used     unused   attr    fill
----------------------  --------  ---------  --------  --------  ----  --------
  FLASH                 00000000   00040000  00002911  0003d6ef  R  X
  SRAM                  20000000   00008000  00000adc  00007524  RW X


SEGMENT ALLOCATION MAP

run origin  load origin   length   init length attrs members
----------  ----------- ---------- ----------- ----- -------
00000000    00000000    00002918   00002918    r-x
  00000000    00000000    0000026c   0000026c    r-- .intvecs
  0000026c    0000026c    0000255c   0000255c    r-x .text
  000027c8    000027c8    00000109   00000109    r-- .const
  000028d8    000028d8    00000040   00000040    r-- .cinit
20000000    20000000    00000ae0   00000000    rw-
  20000000    20000000    0000026c   00000000    rw- .vtable
  20000270    20000270    00000800   00000000    rw- .stack
  20000a70    20000a70    00000068   00000000    rw- .bss
  20000ad8    20000ad8    00000008   00000000    rw- .data


SECTION ALLOCATION MAP

 output                                  attributes/
section   page    origin      length       input sections
--------  ----  ----------  ----------   ----------------
.intvecs   0    00000000    0000026c     
                  00000000    0000026c     tm4c123gh6pm_startup_ccs.obj (.intvecs)

.text      0    0000026c    0000255c     
                  0000026c    00000a5e     rtsv7M4_T_le_v4SPD16_eabi.lib : _printfi.c.obj (.text:__TI_printfi)
                  00000cca    00000002                                   : div0.asm.obj (.text)
                  00000ccc    000002ec     lcd.obj (.text)
                  00000fb8    00000270     rtsv7M4_T_le_v4SPD16_eabi.lib : _printfi.c.obj (.text:_pconv_a)
                  00001228    00000244     lab7_code.obj (.text)
                  0000146c    000001d0     rtsv7M4_T_le_v4SPD16_eabi.lib : _printfi.c.obj (.text:_pconv_g)
                  0000163c    000001b6                                   : fd_add_t2.asm.obj (.text)
                  000017f2    00000002     --HOLE-- [fill = 0]
                  000017f4    00000158     timer.obj (.text)
                  0000194c    0000013c     rtsv7M4_T_le_v4SPD16_eabi.lib : _printfi.c.obj (.text:_pconv_e)
                  00001a88    00000136                                   : fd_div_t2.asm.obj (.text)
                  00001bbe    00000002     --HOLE-- [fill = 0]
                  00001bc0    00000120                                   : _printfi.c.obj (.text:fcvt)
                  00001ce0    00000110                                   : s_scalbn.c.obj (.text:scalbn)
                  00001df0    000000fc                                   : fd_mul_t2.asm.obj (.text)
                  00001eec    000000b1                                   : _printfi.c.obj (.text:_ltostr)
                  00001f9d    00000001     --HOLE-- [fill = 0]
                  00001f9e    0000009c                                   : memcpy_t2.asm.obj (.text)
                  0000203a    00000096                                   : ull_div_t2.asm.obj (.text)
                  000020d0    00000086                                   : fd_cmp_t2.asm.obj (.text:__aeabi_cdcmple)
                  00002156    00000086                                   : fd_cmp_t2.asm.obj (.text:__aeabi_cdrcmple)
                  000021dc    0000007a                                   : memset_t2.asm.obj (.text)
                  00002256    0000006e                                   : _printfi.c.obj (.text:_mcpy)
                  000022c4    00000068                                   : copy_decompress_lzss.c.obj (.text:decompress:lzss:__TI_decompress_lzss)
                  0000232c    00000064                                   : s_frexp.c.obj (.text:frexp)
                  00002390    00000056                                   : _printfi.c.obj (.text:_pconv_f)
                  000023e6    00000054                                   : ltoa.c.obj (.text:ltoa)
                  0000243a    00000052                                   : _printfi.c.obj (.text:_ecpy)
                  0000248c    0000004c                                   : atoi.c.obj (.text:atoi)
                  000024d8    00000048                                   : fd_toi_t2.asm.obj (.text)
                  00002520    00000044                                   : autoinit.c.obj (.text:__TI_auto_init_nobinit_nopinit:__TI_auto_init_nobinit_nopinit)
                  00002564    00000040                                   : vsnprintf.c.obj (.text:vsnprintf)
                  000025a4    0000003e                                   : _printfi.c.obj (.text:_fcpy)
                  000025e2    00000002     --HOLE-- [fill = 0]
                  000025e4    00000038                                   : boot_cortex_m.c.obj (.text:_c_int00_noargs:_c_int00_noargs)
                  0000261c    00000034     driverlib.lib : interrupt.obj (.text:IntRegister)
                  00002650    00000030     rtsv7M4_T_le_v4SPD16_eabi.lib : vsnprintf.c.obj (.text:_outs)
                  00002680    0000002e                                   : i_tofd_t2.asm.obj (.text)
                  000026ae    0000001c                                   : memccpy.c.obj (.text:memccpy)
                  000026ca    00000018                                   : vsnprintf.c.obj (.text:_outc)
                  000026e2    00000018                                   : strcmp.c.obj (.text:strcmp)
                  000026fa    00000016                                   : strchr.c.obj (.text:strchr)
                  00002710    00000014                                   : s_copysign.c.obj (.text:copysign)
                  00002724    00000014                                   : strcpy.c.obj (.text:strcpy)
                  00002738    00000014                                   : strlen.c.obj (.text:strlen)
                  0000274c    00000012                                   : copy_zero_init.c.obj (.text:decompress:ZI:__TI_zero_init_nomemset:__TI_zero_init_nomemset)
                  0000275e    00000012                                   : wcslen.c.obj (.text:wcslen)
                  00002770    00000010     driverlib.lib : interrupt.obj (.text:IntMasterEnable)
                  00002780    00000010     lcd.obj (.text:lcd_clear)
                  00002790    0000000e     rtsv7M4_T_le_v4SPD16_eabi.lib : copy_decompress_none.c.obj (.text:decompress:none:__TI_decompress_none)
                  0000279e    0000000c     driverlib.lib : cpu.obj (.text:CPUcpsie)
                  000027aa    0000000c     tm4c123gh6pm_startup_ccs.obj (.text)
                  000027b6    00000002     --HOLE-- [fill = 0]
                  000027b8    00000008     rtsv7M4_T_le_v4SPD16_eabi.lib : errno.c.obj (.text:__aeabi_errno_addr)
                  000027c0    00000004                                   : pre_init.c.obj (.text:_system_pre_init)
                  000027c4    00000004                                   : exit.c.obj (.text:abort:abort)

.const     0    000027c8    00000109     
                  000027c8    00000101     rtsv7M4_T_le_v4SPD16_eabi.lib : ctype.c.obj (.const:.string:_ctypes_)
                  000028c9    00000004     lcd.obj (.const:.string:lineAddress$1)
                  000028cd    00000004     lcd.obj (.const:.string:lineAddresses$2)

.cinit     0    000028d8    00000040     
                  000028d8    0000000c     (__TI_handler_table)
                  000028e4    00000004     --HOLE-- [fill = 0]
                  000028e8    00000008     (.cinit..bss.load) [load image, compression = zero_init]
                  000028f0    00000008     (.cinit..vtable.load) [load image, compression = zero_init]
                  000028f8    00000007     (.cinit..data.load) [load image, compression = lzss]
                  000028ff    00000001     --HOLE-- [fill = 0]
                  00002900    00000018     (__TI_cinit_table)

.init_array 
*          0    00000000    00000000     UNINITIALIZED

.vtable    0    20000000    0000026c     UNINITIALIZED
                  20000000    0000026c     driverlib.lib : interrupt.obj (.vtable)

.bss       0    20000a70    00000068     UNINITIALIZED
                  20000a70    00000054     lcd.obj (.bss:lastbuffer$3)
                  20000ac4    00000004     --HOLE--
                  20000ac8    00000008     (.common:endTime)
                  20000ad0    00000008     (.common:startTime)

.data      0    20000ad8    00000008     UNINITIALIZED
                  20000ad8    00000004     lab7_code.obj (.data)
                  20000adc    00000004     rtsv7M4_T_le_v4SPD16_eabi.lib : errno.c.obj (.data)

.stack     0    20000270    00000800     UNINITIALIZED
                  20000270    00000004     rtsv7M4_T_le_v4SPD16_eabi.lib : boot_cortex_m.c.obj (.stack)
                  20000274    000007fc     --HOLE--

MODULE SUMMARY

       Module                         code   ro data   rw data
       ------                         ----   -------   -------
    .\
       lcd.obj                        764    8         84     
       tm4c123gh6pm_startup_ccs.obj   12     620       0      
       lab7_code.obj                  580    0         20     
       timer.obj                      344    0         0      
    +--+------------------------------+------+---------+---------+
       Total:                         1700   628       104    
                                                              
    C:/ti/TivaWare_C_Series-2.1.4.178/driverlib/ccs/Debug/driverlib.lib
       interrupt.obj                  68     0         620    
       cpu.obj                        12     0         0      
    +--+------------------------------+------+---------+---------+
       Total:                         80     0         620    
                                                              
    C:\ti\ccsv8\tools\compiler\ti-cgt-arm_18.1.2.LTS\lib\rtsv7M4_T_le_v4SPD16_eabi.lib
       _printfi.c.obj                 4863   0         0      
       fd_add_t2.asm.obj              438    0         0      
       fd_div_t2.asm.obj              310    0         0      
       s_scalbn.c.obj                 272    0         0      
       fd_cmp_t2.asm.obj              268    0         0      
       ctype.c.obj                    0      257       0      
       fd_mul_t2.asm.obj              252    0         0      
       memcpy_t2.asm.obj              156    0         0      
       ull_div_t2.asm.obj             150    0         0      
       vsnprintf.c.obj                136    0         0      
       memset_t2.asm.obj              122    0         0      
       copy_decompress_lzss.c.obj     104    0         0      
       s_frexp.c.obj                  100    0         0      
       ltoa.c.obj                     84     0         0      
       atoi.c.obj                     76     0         0      
       fd_toi_t2.asm.obj              72     0         0      
       autoinit.c.obj                 68     0         0      
       boot_cortex_m.c.obj            56     0         0      
       i_tofd_t2.asm.obj              46     0         0      
       memccpy.c.obj                  28     0         0      
       strcmp.c.obj                   24     0         0      
       strchr.c.obj                   22     0         0      
       s_copysign.c.obj               20     0         0      
       strcpy.c.obj                   20     0         0      
       strlen.c.obj                   20     0         0      
       copy_zero_init.c.obj           18     0         0      
       wcslen.c.obj                   18     0         0      
       copy_decompress_none.c.obj     14     0         0      
       errno.c.obj                    8      0         4      
       exit.c.obj                     4      0         0      
       pre_init.c.obj                 4      0         0      
       div0.asm.obj                   2      0         0      
    +--+------------------------------+------+---------+---------+
       Total:                         7775   257       4      
                                                              
       Stack:                         0      0         2048   
       Linker Generated:              0      59        0      
    +--+------------------------------+------+---------+---------+
       Grand Total:                   9555   944       2776   


LINKER GENERATED COPY TABLES

__TI_cinit_table @ 00002900 records: 3, size/record: 8, table size: 24
	.bss: load addr=000028e8, load size=00000008 bytes, run addr=20000a70, run size=00000068 bytes, compression=zero_init
	.vtable: load addr=000028f0, load size=00000008 bytes, run addr=20000000, run size=0000026c bytes, compression=zero_init
	.data: load addr=000028f8, load size=00000007 bytes, run addr=20000ad8, run size=00000008 bytes, compression=lzss


LINKER GENERATED HANDLER TABLE

__TI_handler_table @ 000028d8 records: 3, size/record: 4, table size: 12
	index: 0, handler: __TI_zero_init
	index: 1, handler: __TI_decompress_lzss
	index: 2, handler: __TI_decompress_none


GLOBAL SYMBOLS: SORTED ALPHABETICALLY BY Name 

address   name                          
-------   ----                          
000027c5  C$$EXIT                       
0000279f  CPUcpsie                      
00002771  IntMasterEnable               
0000261d  IntRegister                   
20000ad8  OF_count                      
000027ab  ResetISR                      
00001229  TIMER3B_Handler               
20000a70  __STACK_END                   
00000800  __STACK_SIZE                  
20000470  __STACK_TOP                   
00002900  __TI_CINIT_Base               
00002918  __TI_CINIT_Limit              
000028d8  __TI_Handler_Table_Base       
000028e4  __TI_Handler_Table_Limit      
00002521  __TI_auto_init_nobinit_nopinit
000022c5  __TI_decompress_lzss          
00002791  __TI_decompress_none          
ffffffff  __TI_pprof_out_hndl           
0000026d  __TI_printfi                  
ffffffff  __TI_prof_data_size           
ffffffff  __TI_prof_data_start          
00000000  __TI_static_base__            
0000274d  __TI_zero_init_nomemset       
000020d1  __aeabi_cdcmpeq               
000020d1  __aeabi_cdcmple               
00002157  __aeabi_cdrcmple              
000024d9  __aeabi_d2iz                  
00001647  __aeabi_dadd                  
00001a89  __aeabi_ddiv                  
00001df1  __aeabi_dmul                  
0000163d  __aeabi_dsub                  
000027b9  __aeabi_errno_addr            
00002681  __aeabi_i2d                   
00000ccb  __aeabi_idiv0                 
00000ccb  __aeabi_ldiv0                 
000021dd  __aeabi_memclr                
000021dd  __aeabi_memclr4               
000021dd  __aeabi_memclr8               
00001f9f  __aeabi_memcpy                
00001f9f  __aeabi_memcpy4               
00001f9f  __aeabi_memcpy8               
000021df  __aeabi_memset                
000021df  __aeabi_memset4               
000021df  __aeabi_memset8               
0000203b  __aeabi_uldivmod              
ffffffff  __binit__                     
ffffffff  __c_args__                    
UNDEFED   __mpu_init                    
20000270  __stack                       
000025e5  _c_int00_noargs               
000027c8  _ctypes_                      
UNDEFED   _system_post_cinit            
000027c1  _system_pre_init              
000027c5  abort                         
0000248d  atoi                          
ffffffff  binit                         
00002711  copysign                      
00002711  copysignl                     
20000ac8  endTime                       
20000adc  errno                         
0000232d  frexp                         
0000232d  frexpl                        
20000000  g_pfnRAMVectors               
00000000  g_pfnVectors                  
00002781  lcd_clear                     
00000e65  lcd_gotoLine                  
00000ccd  lcd_init                      
00000ecb  lcd_printf                    
00000d8d  lcd_putc                      
00000dc5  lcd_puts                      
00000de3  lcd_sendCommand               
00000e21  lcd_sendNibble                
00000e8d  lcd_setCursorPos              
00001ce1  ldexp                         
00001ce1  ldexpl                        
000023e7  ltoa                          
000013af  main                          
000026af  memccpy                       
00001f9f  memcpy                        
000021e5  memset                        
0000139b  p1_main                       
00001249  ping_init                     
0000132b  ping_read                     
000012e7  ping_sendPulse                
00001ce1  scalbn                        
00001ce1  scalbnl                       
20000ad0  startTime                     
000026fb  strchr                        
000026e3  strcmp                        
00002725  strcpy                        
00002739  strlen                        
00001905  timer_getClock                
000018b9  timer_startClock              
00001853  timer_startTimer              
0000190b  timer_stopClock               
000018a3  timer_stopTimer               
00001829  timer_waitMicros              
000017f5  timer_waitMillis              
00002565  vsnprintf                     
0000275f  wcslen                        


GLOBAL SYMBOLS: SORTED BY Symbol Address 

address   name                          
-------   ----                          
00000000  __TI_static_base__            
00000000  g_pfnVectors                  
0000026d  __TI_printfi                  
00000800  __STACK_SIZE                  
00000ccb  __aeabi_idiv0                 
00000ccb  __aeabi_ldiv0                 
00000ccd  lcd_init                      
00000d8d  lcd_putc                      
00000dc5  lcd_puts                      
00000de3  lcd_sendCommand               
00000e21  lcd_sendNibble                
00000e65  lcd_gotoLine                  
00000e8d  lcd_setCursorPos              
00000ecb  lcd_printf                    
00001229  TIMER3B_Handler               
00001249  ping_init                     
000012e7  ping_sendPulse                
0000132b  ping_read                     
0000139b  p1_main                       
000013af  main                          
0000163d  __aeabi_dsub                  
00001647  __aeabi_dadd                  
000017f5  timer_waitMillis              
00001829  timer_waitMicros              
00001853  timer_startTimer              
000018a3  timer_stopTimer               
000018b9  timer_startClock              
00001905  timer_getClock                
0000190b  timer_stopClock               
00001a89  __aeabi_ddiv                  
00001ce1  ldexp                         
00001ce1  ldexpl                        
00001ce1  scalbn                        
00001ce1  scalbnl                       
00001df1  __aeabi_dmul                  
00001f9f  __aeabi_memcpy                
00001f9f  __aeabi_memcpy4               
00001f9f  __aeabi_memcpy8               
00001f9f  memcpy                        
0000203b  __aeabi_uldivmod              
000020d1  __aeabi_cdcmpeq               
000020d1  __aeabi_cdcmple               
00002157  __aeabi_cdrcmple              
000021dd  __aeabi_memclr                
000021dd  __aeabi_memclr4               
000021dd  __aeabi_memclr8               
000021df  __aeabi_memset                
000021df  __aeabi_memset4               
000021df  __aeabi_memset8               
000021e5  memset                        
000022c5  __TI_decompress_lzss          
0000232d  frexp                         
0000232d  frexpl                        
000023e7  ltoa                          
0000248d  atoi                          
000024d9  __aeabi_d2iz                  
00002521  __TI_auto_init_nobinit_nopinit
00002565  vsnprintf                     
000025e5  _c_int00_noargs               
0000261d  IntRegister                   
00002681  __aeabi_i2d                   
000026af  memccpy                       
000026e3  strcmp                        
000026fb  strchr                        
00002711  copysign                      
00002711  copysignl                     
00002725  strcpy                        
00002739  strlen                        
0000274d  __TI_zero_init_nomemset       
0000275f  wcslen                        
00002771  IntMasterEnable               
00002781  lcd_clear                     
00002791  __TI_decompress_none          
0000279f  CPUcpsie                      
000027ab  ResetISR                      
000027b9  __aeabi_errno_addr            
000027c1  _system_pre_init              
000027c5  C$$EXIT                       
000027c5  abort                         
000027c8  _ctypes_                      
000028d8  __TI_Handler_Table_Base       
000028e4  __TI_Handler_Table_Limit      
00002900  __TI_CINIT_Base               
00002918  __TI_CINIT_Limit              
20000000  g_pfnRAMVectors               
20000270  __stack                       
20000470  __STACK_TOP                   
20000a70  __STACK_END                   
20000ac8  endTime                       
20000ad0  startTime                     
20000ad8  OF_count                      
20000adc  errno                         
ffffffff  __TI_pprof_out_hndl           
ffffffff  __TI_prof_data_size           
ffffffff  __TI_prof_data_start          
ffffffff  __binit__                     
ffffffff  __c_args__                    
ffffffff  binit                         
UNDEFED   __mpu_init                    
UNDEFED   _system_post_cinit            

[100 symbols]
