******************************************************************************
                  TI ARM Linker PC v18.1.2                     
******************************************************************************
>> Linked Sun Dec  2 18:13:11 2018

OUTPUT FILE NAME:   <lab9.out>
ENTRY POINT SYMBOL: "_c_int00_noargs"  address: 000078d9


MEMORY CONFIGURATION

         name            origin    length      used     unused   attr    fill
----------------------  --------  ---------  --------  --------  ----  --------
  FLASH                 00000000   00040000  00007e90  00038170  R  X
  SRAM                  20000000   00008000  0000324e  00004db2  RW X


SEGMENT ALLOCATION MAP

run origin  load origin   length   init length attrs members
----------  ----------- ---------- ----------- ----- -------
00000000    00000000    00007e98   00007e98    r-x
  00000000    00000000    0000026c   0000026c    r-- .intvecs
  0000026c    0000026c    00007938   00007938    r-x .text
  00007ba8    00007ba8    00000284   00000284    r-- .const
  00007e30    00007e30    00000068   00000068    r-- .cinit
20000000    20000000    00003255   00000000    rw-
  20000000    20000000    0000026c   00000000    rw- .vtable
  20000270    20000270    0000239d   00000000    rw- .bss
  20002610    20002610    00000800   00000000    rw- .stack
  20002e10    20002e10    00000400   00000000    rw- .sysmem
  20003210    20003210    00000045   00000000    rw- .data


SECTION ALLOCATION MAP

 output                                  attributes/
section   page    origin      length       input sections
--------  ----  ----------  ----------   ----------------
.intvecs   0    00000000    0000026c     
                  00000000    0000026c     tm4c123gh6pm_startup_ccs.obj (.intvecs)

.text      0    0000026c    00007938     
                  0000026c    00001580     project_code.obj (.text)
                  000017ec    00000a88     open_interface.obj (.text)
                  00002274    00000a5e     rtsv7M4_T_le_v4SPD16_eabi.lib : _printfi.c.obj (.text:__TI_printfi)
                  00002cd2    00000002                                   : _lock.c.obj (.text:_nop)
                  00002cd4    00000a0c     ir.obj (.text)
                  000036e0    0000083c     object_detect.obj (.text)
                  00003f1c    00000738     rtsv7M4_T_le_v4SPD16_eabi.lib : k_rem_pio2.c.obj (.text:__kernel_rem_pio2)
                  00004654    000005dc                                   : s_cos.c.obj (.text:cos)
                  00004c30    000005c4                                   : s_sin.c.obj (.text:sin)
                  000051f4    00000374     servo.obj (.text)
                  00005568    000002fc     ping.obj (.text)
                  00005864    000002ec     lcd.obj (.text)
                  00005b50    00000270     rtsv7M4_T_le_v4SPD16_eabi.lib : _printfi.c.obj (.text:_pconv_a)
                  00005dc0    000001d0                                   : _printfi.c.obj (.text:_pconv_g)
                  00005f90    000001b6                                   : fd_add_t2.asm.obj (.text)
                  00006146    00000002                                   : div0.asm.obj (.text)
                  00006148    0000017c     button.obj (.text)
                  000062c4    00000174     rtsv7M4_T_le_v4SPD16_eabi.lib : k_sin.c.obj (.text:__kernel_sin)
                  00006438    0000016c                                   : k_cos.c.obj (.text:__kernel_cos)
                  000065a4    00000158                                   : e_sqrt.c.obj (.text:sqrt)
                  000066fc    00000158     timer.obj (.text)
                  00006854    0000013c     rtsv7M4_T_le_v4SPD16_eabi.lib : _printfi.c.obj (.text:_pconv_e)
                  00006990    00000136                                   : fd_div_t2.asm.obj (.text)
                  00006ac6    00000002     --HOLE-- [fill = 0]
                  00006ac8    00000124     uart.obj (.text)
                  00006bec    00000120     rtsv7M4_T_le_v4SPD16_eabi.lib : _printfi.c.obj (.text:fcvt)
                  00006d0c    00000110                                   : s_scalbn.c.obj (.text:scalbn)
                  00006e1c    000000fc                                   : fd_mul_t2.asm.obj (.text)
                  00006f18    000000f8                                   : s_floor.c.obj (.text:floor)
                  00007010    000000d8                                   : memory.c.obj (.text:free)
                  000070e8    000000b1                                   : _printfi.c.obj (.text:_ltostr)
                  00007199    00000001     --HOLE-- [fill = 0]
                  0000719a    0000009c                                   : memcpy_t2.asm.obj (.text)
                  00007236    00000096                                   : ull_div_t2.asm.obj (.text)
                  000072cc    00000086                                   : fd_cmp_t2.asm.obj (.text:__aeabi_cdcmple)
                  00007352    00000086                                   : fd_cmp_t2.asm.obj (.text:__aeabi_cdrcmple)
                  000073d8    0000007a                                   : memset_t2.asm.obj (.text)
                  00007452    00000002     --HOLE-- [fill = 0]
                  00007454    00000078                                   : memory.c.obj (.text:malloc)
                  000074cc    0000006e                                   : _printfi.c.obj (.text:_mcpy)
                  0000753a    00000068                                   : copy_decompress_lzss.c.obj (.text:decompress:lzss:__TI_decompress_lzss)
                  000075a2    00000002     --HOLE-- [fill = 0]
                  000075a4    00000064                                   : s_frexp.c.obj (.text:frexp)
                  00007608    00000056                                   : _printfi.c.obj (.text:_pconv_f)
                  0000765e    00000054                                   : ltoa.c.obj (.text:ltoa)
                  000076b2    00000052                                   : _printfi.c.obj (.text:_ecpy)
                  00007704    0000004c                                   : atoi.c.obj (.text:atoi)
                  00007750    00000048                                   : fd_toi_t2.asm.obj (.text)
                  00007798    00000044                                   : autoinit.c.obj (.text:__TI_auto_init_nobinit_nopinit:__TI_auto_init_nobinit_nopinit)
                  000077dc    00000040                                   : sprintf.c.obj (.text:sprintf)
                  0000781c    00000040                                   : vsnprintf.c.obj (.text:vsnprintf)
                  0000785c    0000003e                                   : _printfi.c.obj (.text:_fcpy)
                  0000789a    00000002     --HOLE-- [fill = 0]
                  0000789c    0000003c                                   : memory.c.obj (.text:minsert)
                  000078d8    00000038                                   : boot_cortex_m.c.obj (.text:_c_int00_noargs:_c_int00_noargs)
                  00007910    00000038                                   : memory.c.obj (.text:minit)
                  00007948    00000034     driverlib.lib : interrupt.obj (.text:IntRegister)
                  0000797c    00000030     rtsv7M4_T_le_v4SPD16_eabi.lib : vsnprintf.c.obj (.text:_outs)
                  000079ac    0000002e                                   : i_tofd_t2.asm.obj (.text)
                  000079da    0000002c                                   : ull_tofd_t2.asm.obj (.text)
                  00007a06    0000002a                                   : memory.c.obj (.text:calloc)
                  00007a30    00000028                                   : memory.c.obj (.text:mremove)
                  00007a58    0000001c                                   : memccpy.c.obj (.text:memccpy)
                  00007a74    00000018                                   : vsnprintf.c.obj (.text:_outc)
                  00007a8c    00000018                                   : sprintf.c.obj (.text:_outs)
                  00007aa4    00000018     open_interface.obj (.text:oi_parseInt)
                  00007abc    00000018     rtsv7M4_T_le_v4SPD16_eabi.lib : strcmp.c.obj (.text:strcmp)
                  00007ad4    00000016                                   : strchr.c.obj (.text:strchr)
                  00007aea    00000014                                   : s_copysign.c.obj (.text:copysign)
                  00007afe    00000014                                   : strcpy.c.obj (.text:strcpy)
                  00007b12    00000014                                   : strlen.c.obj (.text:strlen)
                  00007b26    00000012                                   : wcslen.c.obj (.text:wcslen)
                  00007b38    00000010     driverlib.lib : interrupt.obj (.text:IntMasterEnable)
                  00007b48    00000010     lcd.obj (.text:lcd_clear)
                  00007b58    0000000e     rtsv7M4_T_le_v4SPD16_eabi.lib : copy_decompress_none.c.obj (.text:decompress:none:__TI_decompress_none)
                  00007b66    0000000c     driverlib.lib : cpu.obj (.text:CPUcpsie)
                  00007b72    0000000c     rtsv7M4_T_le_v4SPD16_eabi.lib : copy_zero_init.c.obj (.text:decompress:ZI:__TI_zero_init)
                  00007b7e    0000000c     tm4c123gh6pm_startup_ccs.obj (.text)
                  00007b8a    0000000a     rtsv7M4_T_le_v4SPD16_eabi.lib : sprintf.c.obj (.text:_outc)
                  00007b94    00000008                                   : errno.c.obj (.text:__aeabi_errno_addr)
                  00007b9c    00000004                                   : pre_init.c.obj (.text:_system_pre_init)
                  00007ba0    00000004                                   : exit.c.obj (.text:abort:abort)

.const     0    00007ba8    00000284     
                  00007ba8    00000158     rtsv7M4_T_le_v4SPD16_eabi.lib : k_rem_pio2.c.obj (.const:$O1$$)
                  00007d00    00000101                                   : ctype.c.obj (.const:.string:_ctypes_)
                  00007e01    0000000f     open_interface.obj (.const:.string:$P$T0$3)
                  00007e10    00000007     project_code.obj (.const:.string:$P$T2$3)
                  00007e17    00000007     project_code.obj (.const:.string:$P$T3$4)
                  00007e1e    00000004     project_code.obj (.const:.string:$P$T1$2)
                  00007e22    00000004     lcd.obj (.const:.string:lineAddress$1)
                  00007e26    00000004     lcd.obj (.const:.string:lineAddresses$2)
                  00007e2a    00000002     project_code.obj (.const:.string:$P$T0$1)

.cinit     0    00007e30    00000068     
                  00007e30    0000002e     (.cinit..data.load) [load image, compression = lzss]
                  00007e5e    00000002     --HOLE-- [fill = 0]
                  00007e60    0000000c     (__TI_handler_table)
                  00007e6c    00000004     --HOLE-- [fill = 0]
                  00007e70    00000008     (.cinit..bss.load) [load image, compression = zero_init]
                  00007e78    00000008     (.cinit..vtable.load) [load image, compression = zero_init]
                  00007e80    00000018     (__TI_cinit_table)

.init_array 
*          0    00000000    00000000     UNINITIALIZED

.vtable    0    20000000    0000026c     UNINITIALIZED
                  20000000    0000026c     driverlib.lib : interrupt.obj (.vtable)

.bss       0    20000270    0000239d     UNINITIALIZED
                  20000270    00002284     (.common:map)
                  200024f4    00000064     (.common:str)
                  20002558    00000054     lcd.obj (.bss:lastbuffer$3)
                  200025ac    00000018     open_interface.obj (.bss:firmware$2)
                  200025c4    00000004     (.common:moving)
                  200025c8    00000008     (.common:angleDelta)
                  200025d0    00000008     (.common:distanceDelta)
                  200025d8    00000008     (.common:endTime)
                  200025e0    00000008     (.common:heading)
                  200025e8    00000008     (.common:ppos)
                  200025f0    00000008     (.common:startTime)
                  200025f8    00000008     (.common:xPos)
                  20002600    00000008     (.common:yPos)
                  20002608    00000004     (.common:turning)
                  2000260c    00000001     (.common:_prevButton)

.stack     0    20002610    00000800     UNINITIALIZED
                  20002610    00000004     rtsv7M4_T_le_v4SPD16_eabi.lib : boot_cortex_m.c.obj (.stack)
                  20002614    000007fc     --HOLE--

.sysmem    0    20002e10    00000400     UNINITIALIZED
                  20002e10    00000008     rtsv7M4_T_le_v4SPD16_eabi.lib : memory.c.obj (.sysmem)
                  20002e18    000003f8     --HOLE--

.data      0    20003210    00000045     UNINITIALIZED
                  20003210    00000018     servo.obj (.data)
                  20003228    00000010     open_interface.obj (.data)
                  20003238    0000000c     rtsv7M4_T_le_v4SPD16_eabi.lib : memory.c.obj (.data:$O1$$)
                  20003244    00000008                                   : _lock.c.obj (.data:$O1$$)
                  2000324c    00000004     ping.obj (.data)
                  20003250    00000004     rtsv7M4_T_le_v4SPD16_eabi.lib : errno.c.obj (.data)
                  20003254    00000001     button.obj (.data)

MODULE SUMMARY

       Module                         code    ro data   rw data
       ------                         ----    -------   -------
    .\
       project_code.obj               5504    20        8984   
       open_interface.obj             2720    15        40     
       ir.obj                         2572    0         0      
       object_detect.obj              2108    0         0      
       servo.obj                      884     0         32     
       lcd.obj                        764     8         84     
       ping.obj                       764     0         20     
       tm4c123gh6pm_startup_ccs.obj   12      620       0      
       button.obj                     380     0         2      
       timer.obj                      344     0         0      
       uart.obj                       292     0         0      
    +--+------------------------------+-------+---------+---------+
       Total:                         16344   663       9162   
                                                               
    C:/ti/TivaWare_C_Series-2.1.4.178/driverlib/ccs/Debug/driverlib.lib
       interrupt.obj                  68      0         620    
       cpu.obj                        12      0         0      
    +--+------------------------------+-------+---------+---------+
       Total:                         80      0         620    
                                                               
    C:\ti\ccsv8\tools\compiler\ti-cgt-arm_18.1.2.LTS\lib\rtsv7M4_T_le_v4SPD16_eabi.lib
       _printfi.c.obj                 4863    0         0      
       k_rem_pio2.c.obj               1848    344       0      
       s_cos.c.obj                    1500    0         0      
       s_sin.c.obj                    1476    0         0      
       memory.c.obj                   534     0         12     
       fd_add_t2.asm.obj              438     0         0      
       k_sin.c.obj                    372     0         0      
       k_cos.c.obj                    364     0         0      
       e_sqrt.c.obj                   344     0         0      
       fd_div_t2.asm.obj              310     0         0      
       s_scalbn.c.obj                 272     0         0      
       fd_cmp_t2.asm.obj              268     0         0      
       ctype.c.obj                    0       257       0      
       fd_mul_t2.asm.obj              252     0         0      
       s_floor.c.obj                  248     0         0      
       memcpy_t2.asm.obj              156     0         0      
       ull_div_t2.asm.obj             150     0         0      
       vsnprintf.c.obj                136     0         0      
       memset_t2.asm.obj              122     0         0      
       copy_decompress_lzss.c.obj     104     0         0      
       s_frexp.c.obj                  100     0         0      
       sprintf.c.obj                  98      0         0      
       ltoa.c.obj                     84      0         0      
       atoi.c.obj                     76      0         0      
       fd_toi_t2.asm.obj              72      0         0      
       autoinit.c.obj                 68      0         0      
       boot_cortex_m.c.obj            56      0         0      
       i_tofd_t2.asm.obj              46      0         0      
       ull_tofd_t2.asm.obj            44      0         0      
       memccpy.c.obj                  28      0         0      
       strcmp.c.obj                   24      0         0      
       strchr.c.obj                   22      0         0      
       s_copysign.c.obj               20      0         0      
       strcpy.c.obj                   20      0         0      
       strlen.c.obj                   20      0         0      
       wcslen.c.obj                   18      0         0      
       copy_decompress_none.c.obj     14      0         0      
       copy_zero_init.c.obj           12      0         0      
       errno.c.obj                    8       0         4      
       _lock.c.obj                    2       0         8      
       exit.c.obj                     4       0         0      
       pre_init.c.obj                 4       0         0      
       div0.asm.obj                   2       0         0      
    +--+------------------------------+-------+---------+---------+
       Total:                         14599   601       24     
                                                               
       Heap:                          0       0         1024   
       Stack:                         0       0         2048   
       Linker Generated:              0       98        0      
    +--+------------------------------+-------+---------+---------+
       Grand Total:                   31023   1362      12878  


LINKER GENERATED COPY TABLES

__TI_cinit_table @ 00007e80 records: 3, size/record: 8, table size: 24
	.data: load addr=00007e30, load size=0000002e bytes, run addr=20003210, run size=00000045 bytes, compression=lzss
	.bss: load addr=00007e70, load size=00000008 bytes, run addr=20000270, run size=0000239d bytes, compression=zero_init
	.vtable: load addr=00007e78, load size=00000008 bytes, run addr=20000000, run size=0000026c bytes, compression=zero_init


LINKER GENERATED HANDLER TABLE

__TI_handler_table @ 00007e60 records: 3, size/record: 4, table size: 12
	index: 0, handler: __TI_zero_init
	index: 1, handler: __TI_decompress_lzss
	index: 2, handler: __TI_decompress_none


GLOBAL SYMBOLS: SORTED ALPHABETICALLY BY Name 

address   name                          
-------   ----                          
00007ba1  C$$EXIT                       
00007b67  CPUcpsie                      
000020e5  GPIOF_Handler                 
00007b39  IntMasterEnable               
00007949  IntRegister                   
2000324c  OF_count                      
00007b7f  ResetISR                      
00005569  TIMER3B_Handler               
20002e10  __STACK_END                   
00000800  __STACK_SIZE                  
20002810  __STACK_TOP                   
00000400  __SYSMEM_SIZE                 
00007e80  __TI_CINIT_Base               
00007e98  __TI_CINIT_Limit              
00007e60  __TI_Handler_Table_Base       
00007e6c  __TI_Handler_Table_Limit      
00007799  __TI_auto_init_nobinit_nopinit
0000753b  __TI_decompress_lzss          
00007b59  __TI_decompress_none          
ffffffff  __TI_pprof_out_hndl           
00002275  __TI_printfi                  
ffffffff  __TI_prof_data_size           
ffffffff  __TI_prof_data_start          
00000000  __TI_static_base__            
00007b73  __TI_zero_init                
000072cd  __aeabi_cdcmpeq               
000072cd  __aeabi_cdcmple               
00007353  __aeabi_cdrcmple              
00007751  __aeabi_d2iz                  
00005f9b  __aeabi_dadd                  
00006991  __aeabi_ddiv                  
00006e1d  __aeabi_dmul                  
00005f91  __aeabi_dsub                  
00007b95  __aeabi_errno_addr            
000079ad  __aeabi_i2d                   
00006147  __aeabi_idiv0                 
00006147  __aeabi_ldiv0                 
000073d9  __aeabi_memclr                
000073d9  __aeabi_memclr4               
000073d9  __aeabi_memclr8               
0000719b  __aeabi_memcpy                
0000719b  __aeabi_memcpy4               
0000719b  __aeabi_memcpy8               
000073db  __aeabi_memset                
000073db  __aeabi_memset4               
000073db  __aeabi_memset8               
000079db  __aeabi_ul2d                  
00007237  __aeabi_uldivmod              
ffffffff  __binit__                     
ffffffff  __c_args__                    
00006439  __kernel_cos                  
00003f1d  __kernel_rem_pio2             
000062c5  __kernel_sin                  
UNDEFED   __mpu_init                    
20002610  __stack                       
000078d9  _c_int00_noargs               
00007d00  _ctypes_                      
20003244  _lock                         
00002cd3  _nop                          
2000260c  _prevButton                   
20002e10  _sys_memory                   
UNDEFED   _system_post_cinit            
00007b9d  _system_pre_init              
20003248  _unlock                       
00007ba1  abort                         
200025c8  angleDelta                    
00007705  atoi                          
ffffffff  binit                         
000061c1  button_checkButtons           
000061cb  button_getButton              
00006241  button_getButtonBlocking      
00006255  button_getButtonChange        
0000627f  button_getButtonChangeBlocking
00006149  button_handler                
00006155  button_init                   
00007a07  calloc                        
00001395  check_bump                    
000012e5  check_cliff                   
00001335  check_edge                    
00007aeb  copysign                      
00007aeb  copysignl                     
00004655  cos                           
00004655  cosl                          
20003220  delta                         
200025d0  distanceDelta                 
0000169d  draw_heading                  
00001553  draw_map                      
200025d8  endTime                       
20003250  errno                         
00006f19  floor                         
00006f19  floorl                        
00007011  free                          
000075a5  frexp                         
000075a5  frexpl                        
20000000  g_pfnRAMVectors               
00000000  g_pfnVectors                  
000020ff  getDegrees                    
00001ea1  go_charge                     
200025e0  heading                       
00002cd5  ir_Handler                    
00003555  ir_cal_hand                   
00003325  ir_cal_ping                   
000031c1  ir_cal_putty                  
00002de9  ir_calibrate                  
00002cdf  ir_init                       
00002d5b  ir_pulse                      
00002d99  ir_read                       
00003145  ir_test                       
00007b49  lcd_clear                     
000059fd  lcd_gotoLine                  
00005865  lcd_init                      
00005a63  lcd_printf                    
00005925  lcd_putc                      
0000595d  lcd_puts                      
0000597b  lcd_sendCommand               
000059b9  lcd_sendNibble                
00005a25  lcd_setCursorPos              
00006d0d  ldexp                         
00006d0d  ldexpl                        
0000765f  ltoa                          
0000026d  main                          
00007455  malloc                        
20000270  map                           
00001645  map_init                      
00007a59  memccpy                       
0000719b  memcpy                        
000073e1  memset                        
00007911  minit                         
200025c4  moving                        
000016ed  music_init                    
000036e1  object_detect                 
000017ed  oi_alloc                      
00001fcb  oi_checkFirmware              
00001843  oi_close                      
000017f9  oi_free                       
0000182d  oi_init                       
00001809  oi_init_noupdate              
00001e37  oi_loadSong                   
00007aa5  oi_parseInt                   
000018a7  oi_parsePacket                
00001e8d  oi_play_song                  
00001db1  oi_setLeds                    
00001df5  oi_setWheels                  
00002073  oi_shutoff_init               
00001eaf  oi_uartInit                   
00001f53  oi_uartReceive                
00001f99  oi_uartSendBuff               
00001f37  oi_uartSendChar               
00001f7b  oi_uartSendStr                
00001855  oi_update                     
0000575b  ping_check                    
00005599  ping_init                     
00005705  ping_p1_main                  
0000567d  ping_pulse                    
000056ed  ping_read                     
000057c9  ping_ready                    
00005637  ping_sendPulse                
00005719  ping_test                     
20003210  position                      
200025e8  ppos                          
20003218  pulse_period                  
00006d0d  scalbn                        
00006d0d  scalbnl                       
00000869  scan1                         
00003d21  scan180                       
0000102f  scan2                         
000011b5  scan3                         
00005445  servo_calibrate               
00005221  servo_init                    
00005329  servo_p1_main                 
000052a7  servo_setAngle                
000051f5  servo_setPulse                
00005359  servo_test                    
00004c31  sin                           
00004c31  sinl                          
000077dd  sprintf                       
000065a5  sqrt                          
000065a5  sqrtl                         
200025f0  startTime                     
200024f4  str                           
00007ad5  strchr                        
00007abd  strcmp                        
00007aff  strcpy                        
00007b13  strlen                        
0000680d  timer_getClock                
000067c1  timer_startClock              
0000675b  timer_startTimer              
00006813  timer_stopClock               
000067ab  timer_stopTimer               
00006731  timer_waitMicros              
000066fd  timer_waitMillis              
20002608  turning                       
00006ac9  uart_init                     
00006b73  uart_receive                  
00006b57  uart_sendChar                 
00006b99  uart_sendStr                  
000013e9  update_position               
0000781d  vsnprintf                     
00007b27  wcslen                        
200025f8  xPos                          
20002600  yPos                          
2000321c  zero_offset                   


GLOBAL SYMBOLS: SORTED BY Symbol Address 

address   name                          
-------   ----                          
00000000  __TI_static_base__            
00000000  g_pfnVectors                  
0000026d  main                          
00000400  __SYSMEM_SIZE                 
00000800  __STACK_SIZE                  
00000869  scan1                         
0000102f  scan2                         
000011b5  scan3                         
000012e5  check_cliff                   
00001335  check_edge                    
00001395  check_bump                    
000013e9  update_position               
00001553  draw_map                      
00001645  map_init                      
0000169d  draw_heading                  
000016ed  music_init                    
000017ed  oi_alloc                      
000017f9  oi_free                       
00001809  oi_init_noupdate              
0000182d  oi_init                       
00001843  oi_close                      
00001855  oi_update                     
000018a7  oi_parsePacket                
00001db1  oi_setLeds                    
00001df5  oi_setWheels                  
00001e37  oi_loadSong                   
00001e8d  oi_play_song                  
00001ea1  go_charge                     
00001eaf  oi_uartInit                   
00001f37  oi_uartSendChar               
00001f53  oi_uartReceive                
00001f7b  oi_uartSendStr                
00001f99  oi_uartSendBuff               
00001fcb  oi_checkFirmware              
00002073  oi_shutoff_init               
000020e5  GPIOF_Handler                 
000020ff  getDegrees                    
00002275  __TI_printfi                  
00002cd3  _nop                          
00002cd5  ir_Handler                    
00002cdf  ir_init                       
00002d5b  ir_pulse                      
00002d99  ir_read                       
00002de9  ir_calibrate                  
00003145  ir_test                       
000031c1  ir_cal_putty                  
00003325  ir_cal_ping                   
00003555  ir_cal_hand                   
000036e1  object_detect                 
00003d21  scan180                       
00003f1d  __kernel_rem_pio2             
00004655  cos                           
00004655  cosl                          
00004c31  sin                           
00004c31  sinl                          
000051f5  servo_setPulse                
00005221  servo_init                    
000052a7  servo_setAngle                
00005329  servo_p1_main                 
00005359  servo_test                    
00005445  servo_calibrate               
00005569  TIMER3B_Handler               
00005599  ping_init                     
00005637  ping_sendPulse                
0000567d  ping_pulse                    
000056ed  ping_read                     
00005705  ping_p1_main                  
00005719  ping_test                     
0000575b  ping_check                    
000057c9  ping_ready                    
00005865  lcd_init                      
00005925  lcd_putc                      
0000595d  lcd_puts                      
0000597b  lcd_sendCommand               
000059b9  lcd_sendNibble                
000059fd  lcd_gotoLine                  
00005a25  lcd_setCursorPos              
00005a63  lcd_printf                    
00005f91  __aeabi_dsub                  
00005f9b  __aeabi_dadd                  
00006147  __aeabi_idiv0                 
00006147  __aeabi_ldiv0                 
00006149  button_handler                
00006155  button_init                   
000061c1  button_checkButtons           
000061cb  button_getButton              
00006241  button_getButtonBlocking      
00006255  button_getButtonChange        
0000627f  button_getButtonChangeBlocking
000062c5  __kernel_sin                  
00006439  __kernel_cos                  
000065a5  sqrt                          
000065a5  sqrtl                         
000066fd  timer_waitMillis              
00006731  timer_waitMicros              
0000675b  timer_startTimer              
000067ab  timer_stopTimer               
000067c1  timer_startClock              
0000680d  timer_getClock                
00006813  timer_stopClock               
00006991  __aeabi_ddiv                  
00006ac9  uart_init                     
00006b57  uart_sendChar                 
00006b73  uart_receive                  
00006b99  uart_sendStr                  
00006d0d  ldexp                         
00006d0d  ldexpl                        
00006d0d  scalbn                        
00006d0d  scalbnl                       
00006e1d  __aeabi_dmul                  
00006f19  floor                         
00006f19  floorl                        
00007011  free                          
0000719b  __aeabi_memcpy                
0000719b  __aeabi_memcpy4               
0000719b  __aeabi_memcpy8               
0000719b  memcpy                        
00007237  __aeabi_uldivmod              
000072cd  __aeabi_cdcmpeq               
000072cd  __aeabi_cdcmple               
00007353  __aeabi_cdrcmple              
000073d9  __aeabi_memclr                
000073d9  __aeabi_memclr4               
000073d9  __aeabi_memclr8               
000073db  __aeabi_memset                
000073db  __aeabi_memset4               
000073db  __aeabi_memset8               
000073e1  memset                        
00007455  malloc                        
0000753b  __TI_decompress_lzss          
000075a5  frexp                         
000075a5  frexpl                        
0000765f  ltoa                          
00007705  atoi                          
00007751  __aeabi_d2iz                  
00007799  __TI_auto_init_nobinit_nopinit
000077dd  sprintf                       
0000781d  vsnprintf                     
000078d9  _c_int00_noargs               
00007911  minit                         
00007949  IntRegister                   
000079ad  __aeabi_i2d                   
000079db  __aeabi_ul2d                  
00007a07  calloc                        
00007a59  memccpy                       
00007aa5  oi_parseInt                   
00007abd  strcmp                        
00007ad5  strchr                        
00007aeb  copysign                      
00007aeb  copysignl                     
00007aff  strcpy                        
00007b13  strlen                        
00007b27  wcslen                        
00007b39  IntMasterEnable               
00007b49  lcd_clear                     
00007b59  __TI_decompress_none          
00007b67  CPUcpsie                      
00007b73  __TI_zero_init                
00007b7f  ResetISR                      
00007b95  __aeabi_errno_addr            
00007b9d  _system_pre_init              
00007ba1  C$$EXIT                       
00007ba1  abort                         
00007d00  _ctypes_                      
00007e60  __TI_Handler_Table_Base       
00007e6c  __TI_Handler_Table_Limit      
00007e80  __TI_CINIT_Base               
00007e98  __TI_CINIT_Limit              
20000000  g_pfnRAMVectors               
20000270  map                           
200024f4  str                           
200025c4  moving                        
200025c8  angleDelta                    
200025d0  distanceDelta                 
200025d8  endTime                       
200025e0  heading                       
200025e8  ppos                          
200025f0  startTime                     
200025f8  xPos                          
20002600  yPos                          
20002608  turning                       
2000260c  _prevButton                   
20002610  __stack                       
20002810  __STACK_TOP                   
20002e10  __STACK_END                   
20002e10  _sys_memory                   
20003210  position                      
20003218  pulse_period                  
2000321c  zero_offset                   
20003220  delta                         
20003244  _lock                         
20003248  _unlock                       
2000324c  OF_count                      
20003250  errno                         
ffffffff  __TI_pprof_out_hndl           
ffffffff  __TI_prof_data_size           
ffffffff  __TI_prof_data_start          
ffffffff  __binit__                     
ffffffff  __c_args__                    
ffffffff  binit                         
UNDEFED   __mpu_init                    
UNDEFED   _system_post_cinit            

[202 symbols]
