******************************************************************************
                  TI ARM Linker PC v18.1.2                     
******************************************************************************
>> Linked Thu Nov 29 14:23:27 2018

OUTPUT FILE NAME:   <projecto finalo.out>
ENTRY POINT SYMBOL: "_c_int00_noargs"  address: 000067bd


MEMORY CONFIGURATION

         name            origin    length      used     unused   attr    fill
----------------------  --------  ---------  --------  --------  ----  --------
  FLASH                 00000000   00040000  00006d34  000392cc  R  X
  SRAM                  20000000   00008000  000073c2  00000c3e  RW X


SEGMENT ALLOCATION MAP

run origin  load origin   length   init length attrs members
----------  ----------- ---------- ----------- ----- -------
00000000    00000000    00006d38   00006d38    r-x
  00000000    00000000    0000026c   0000026c    r-- .intvecs
  0000026c    0000026c    000067f0   000067f0    r-x .text
  00006a60    00006a60    00000270   00000270    r-- .const
  00006cd0    00006cd0    00000068   00000068    r-- .cinit
20000000    20000000    000073cd   00000000    rw-
  20000000    20000000    0000026c   00000000    rw- .vtable
  20000270    20000270    00006511   00000000    rw- .bss
  20006788    20006788    00000800   00000000    rw- .stack
  20006f88    20006f88    00000400   00000000    rw- .sysmem
  20007388    20007388    00000045   00000000    rw- .data


SECTION ALLOCATION MAP

 output                                  attributes/
section   page    origin      length       input sections
--------  ----  ----------  ----------   ----------------
.intvecs   0    00000000    0000026c     
                  00000000    0000026c     tm4c123gh6pm_startup_ccs.obj (.intvecs)

.text      0    0000026c    000067f0     
                  0000026c    00000a88     open_interface.obj (.text)
                  00000cf4    00000a5e     rtsv7M4_T_le_v4SPD16_eabi.lib : _printfi.c.obj (.text:__TI_printfi)
                  00001752    00000002                                   : _lock.c.obj (.text:_nop)
                  00001754    000009c0     ir.obj (.text)
                  00002114    00000738     rtsv7M4_T_le_v4SPD16_eabi.lib : k_rem_pio2.c.obj (.text:__kernel_rem_pio2)
                  0000284c    00000680     project_code.obj (.text)
                  00002ecc    00000640     object_detect.obj (.text)
                  0000350c    000005dc     rtsv7M4_T_le_v4SPD16_eabi.lib : s_cos.c.obj (.text:cos)
                  00003ae8    000005c4                                   : s_sin.c.obj (.text:sin)
                  000040ac    00000360     servo.obj (.text)
                  0000440c    000002ec     lcd.obj (.text)
                  000046f8    00000270     rtsv7M4_T_le_v4SPD16_eabi.lib : _printfi.c.obj (.text:_pconv_a)
                  00004968    00000268     ping.obj (.text)
                  00004bd0    000001e6     movement.obj (.text)
                  00004db6    00000002     rtsv7M4_T_le_v4SPD16_eabi.lib : div0.asm.obj (.text)
                  00004db8    000001d0                                   : _printfi.c.obj (.text:_pconv_g)
                  00004f88    000001b6                                   : fd_add_t2.asm.obj (.text)
                  0000513e    00000002     --HOLE-- [fill = 0]
                  00005140    0000017c     button.obj (.text)
                  000052bc    00000174     rtsv7M4_T_le_v4SPD16_eabi.lib : k_sin.c.obj (.text:__kernel_sin)
                  00005430    0000016c                                   : k_cos.c.obj (.text:__kernel_cos)
                  0000559c    00000158     timer.obj (.text)
                  000056f4    0000013c     rtsv7M4_T_le_v4SPD16_eabi.lib : _printfi.c.obj (.text:_pconv_e)
                  00005830    00000136                                   : fd_div_t2.asm.obj (.text)
                  00005966    00000002     --HOLE-- [fill = 0]
                  00005968    00000124     uart.obj (.text)
                  00005a8c    00000120     rtsv7M4_T_le_v4SPD16_eabi.lib : _printfi.c.obj (.text:fcvt)
                  00005bac    00000110                                   : s_scalbn.c.obj (.text:scalbn)
                  00005cbc    000000fc                                   : fd_mul_t2.asm.obj (.text)
                  00005db8    000000f8                                   : s_floor.c.obj (.text:floor)
                  00005eb0    000000d8                                   : memory.c.obj (.text:free)
                  00005f88    000000b1                                   : _printfi.c.obj (.text:_ltostr)
                  00006039    00000001     --HOLE-- [fill = 0]
                  0000603a    0000009c                                   : memcpy_t2.asm.obj (.text)
                  000060d6    00000096                                   : ull_div_t2.asm.obj (.text)
                  0000616c    00000086                                   : fd_cmp_t2.asm.obj (.text:__aeabi_cdcmple)
                  000061f2    00000086                                   : fd_cmp_t2.asm.obj (.text:__aeabi_cdrcmple)
                  00006278    0000007a                                   : memset_t2.asm.obj (.text)
                  000062f2    00000002     --HOLE-- [fill = 0]
                  000062f4    00000078                                   : memory.c.obj (.text:malloc)
                  0000636c    0000006e                                   : _printfi.c.obj (.text:_mcpy)
                  000063da    00000068                                   : copy_decompress_lzss.c.obj (.text:decompress:lzss:__TI_decompress_lzss)
                  00006442    00000002     --HOLE-- [fill = 0]
                  00006444    00000064                                   : s_frexp.c.obj (.text:frexp)
                  000064a8    00000056                                   : _printfi.c.obj (.text:_pconv_f)
                  000064fe    00000054                                   : ltoa.c.obj (.text:ltoa)
                  00006552    00000052                                   : _printfi.c.obj (.text:_ecpy)
                  000065a4    0000004c                                   : atoi.c.obj (.text:atoi)
                  000065f0    00000048                                   : fd_toi_t2.asm.obj (.text)
                  00006638    00000044                                   : autoinit.c.obj (.text:__TI_auto_init_nobinit_nopinit:__TI_auto_init_nobinit_nopinit)
                  0000667c    00000044                                   : fd_tou_t2.asm.obj (.text)
                  000066c0    00000040                                   : sprintf.c.obj (.text:sprintf)
                  00006700    00000040                                   : vsnprintf.c.obj (.text:vsnprintf)
                  00006740    0000003e                                   : _printfi.c.obj (.text:_fcpy)
                  0000677e    00000002     --HOLE-- [fill = 0]
                  00006780    0000003c                                   : memory.c.obj (.text:minsert)
                  000067bc    00000038                                   : boot_cortex_m.c.obj (.text:_c_int00_noargs:_c_int00_noargs)
                  000067f4    00000038                                   : memory.c.obj (.text:minit)
                  0000682c    00000034     driverlib.lib : interrupt.obj (.text:IntRegister)
                  00006860    00000030     rtsv7M4_T_le_v4SPD16_eabi.lib : vsnprintf.c.obj (.text:_outs)
                  00006890    0000002e                                   : i_tofd_t2.asm.obj (.text)
                  000068be    0000002a                                   : memory.c.obj (.text:calloc)
                  000068e8    00000028                                   : memory.c.obj (.text:mremove)
                  00006910    0000001c                                   : memccpy.c.obj (.text:memccpy)
                  0000692c    00000018                                   : vsnprintf.c.obj (.text:_outc)
                  00006944    00000018                                   : sprintf.c.obj (.text:_outs)
                  0000695c    00000018     open_interface.obj (.text:oi_parseInt)
                  00006974    00000018     rtsv7M4_T_le_v4SPD16_eabi.lib : strcmp.c.obj (.text:strcmp)
                  0000698c    00000016                                   : strchr.c.obj (.text:strchr)
                  000069a2    00000014                                   : s_copysign.c.obj (.text:copysign)
                  000069b6    00000014                                   : strcpy.c.obj (.text:strcpy)
                  000069ca    00000014                                   : strlen.c.obj (.text:strlen)
                  000069de    00000012                                   : wcslen.c.obj (.text:wcslen)
                  000069f0    00000010     driverlib.lib : interrupt.obj (.text:IntMasterEnable)
                  00006a00    00000010     lcd.obj (.text:lcd_clear)
                  00006a10    0000000e     rtsv7M4_T_le_v4SPD16_eabi.lib : copy_decompress_none.c.obj (.text:decompress:none:__TI_decompress_none)
                  00006a1e    0000000c     driverlib.lib : cpu.obj (.text:CPUcpsie)
                  00006a2a    0000000c     rtsv7M4_T_le_v4SPD16_eabi.lib : copy_zero_init.c.obj (.text:decompress:ZI:__TI_zero_init)
                  00006a36    0000000c     tm4c123gh6pm_startup_ccs.obj (.text)
                  00006a42    0000000a     rtsv7M4_T_le_v4SPD16_eabi.lib : sprintf.c.obj (.text:_outc)
                  00006a4c    00000008                                   : errno.c.obj (.text:__aeabi_errno_addr)
                  00006a54    00000004                                   : pre_init.c.obj (.text:_system_pre_init)
                  00006a58    00000004                                   : exit.c.obj (.text:abort:abort)

.const     0    00006a60    00000270     
                  00006a60    00000158     rtsv7M4_T_le_v4SPD16_eabi.lib : k_rem_pio2.c.obj (.const:$O1$$)
                  00006bb8    00000101                                   : ctype.c.obj (.const:.string:_ctypes_)
                  00006cb9    0000000f     open_interface.obj (.const:.string:$P$T0$3)
                  00006cc8    00000004     lcd.obj (.const:.string:lineAddress$1)
                  00006ccc    00000004     lcd.obj (.const:.string:lineAddresses$2)

.cinit     0    00006cd0    00000068     
                  00006cd0    0000002e     (.cinit..data.load) [load image, compression = lzss]
                  00006cfe    00000002     --HOLE-- [fill = 0]
                  00006d00    0000000c     (__TI_handler_table)
                  00006d0c    00000004     --HOLE-- [fill = 0]
                  00006d10    00000008     (.cinit..bss.load) [load image, compression = zero_init]
                  00006d18    00000008     (.cinit..vtable.load) [load image, compression = zero_init]
                  00006d20    00000018     (__TI_cinit_table)

.init_array 
*          0    00000000    00000000     UNINITIALIZED

.vtable    0    20000000    0000026c     UNINITIALIZED
                  20000000    0000026c     driverlib.lib : interrupt.obj (.vtable)

.bss       0    20000270    00006511     UNINITIALIZED
                  20000270    00006400     (.common:map)
                  20006670    00000064     (.common:str)
                  200066d4    00000054     lcd.obj (.bss:lastbuffer$3)
                  20006728    00000018     open_interface.obj (.bss:firmware$2)
                  20006740    00000008     (.common:distanceDelta)
                  20006748    00000008     (.common:endTime)
                  20006750    00000008     (.common:ppos)
                  20006758    00000008     (.common:startTime)
                  20006760    00000008     (.common:xPos)
                  20006768    00000008     (.common:yPos)
                  20006770    00000004     (.common:angleDelta)
                  20006774    00000004     (.common:heading)
                  20006778    00000004     (.common:moving)
                  2000677c    00000004     (.common:turning)
                  20006780    00000001     (.common:_prevButton)

.stack     0    20006788    00000800     UNINITIALIZED
                  20006788    00000004     rtsv7M4_T_le_v4SPD16_eabi.lib : boot_cortex_m.c.obj (.stack)
                  2000678c    000007fc     --HOLE--

.sysmem    0    20006f88    00000400     UNINITIALIZED
                  20006f88    00000008     rtsv7M4_T_le_v4SPD16_eabi.lib : memory.c.obj (.sysmem)
                  20006f90    000003f8     --HOLE--

.data      0    20007388    00000045     UNINITIALIZED
                  20007388    00000018     servo.obj (.data)
                  200073a0    00000010     open_interface.obj (.data)
                  200073b0    0000000c     rtsv7M4_T_le_v4SPD16_eabi.lib : memory.c.obj (.data:$O1$$)
                  200073bc    00000008                                   : _lock.c.obj (.data:$O1$$)
                  200073c4    00000004     ping.obj (.data)
                  200073c8    00000004     rtsv7M4_T_le_v4SPD16_eabi.lib : errno.c.obj (.data)
                  200073cc    00000001     button.obj (.data)

MODULE SUMMARY

       Module                         code    ro data   rw data
       ------                         ----    -------   -------
    .\
       project_code.obj               1664    0         25740  
       open_interface.obj             2720    15        40     
       ir.obj                         2496    0         0      
       object_detect.obj              1600    0         0      
       servo.obj                      864     0         32     
       lcd.obj                        764     8         84     
       ping.obj                       616     0         20     
       tm4c123gh6pm_startup_ccs.obj   12      620       0      
       movement.obj                   486     0         0      
       button.obj                     380     0         2      
       timer.obj                      344     0         0      
       uart.obj                       292     0         0      
    +--+------------------------------+-------+---------+---------+
       Total:                         12238   643       25918  
                                                               
    C:/ti/TivaWare_C_Series-2.1.4.178/driverlib/ccs/Debug/driverlib.lib
       interrupt.obj                  68      0         620    
       cpu.obj                        12      0         0      
    +--+------------------------------+-------+---------+---------+
       Total:                         80      0         620    
                                                               
    C:\ti\ccsv8\tools\compiler\ti-cgt-arm_18.1.2.LTS\lib\rtsv7M4_T_le_v4SPD16_eabi.lib
       _printfi.c.obj                 4863    0         0      
       k_rem_pio2.c.obj               1848    344       0      
       s_cos.c.obj                    1500    0         0      
       s_sin.c.obj                    1476    0         0      
       memory.c.obj                   534     0         12     
       fd_add_t2.asm.obj              438     0         0      
       k_sin.c.obj                    372     0         0      
       k_cos.c.obj                    364     0         0      
       fd_div_t2.asm.obj              310     0         0      
       s_scalbn.c.obj                 272     0         0      
       fd_cmp_t2.asm.obj              268     0         0      
       ctype.c.obj                    0       257       0      
       fd_mul_t2.asm.obj              252     0         0      
       s_floor.c.obj                  248     0         0      
       memcpy_t2.asm.obj              156     0         0      
       ull_div_t2.asm.obj             150     0         0      
       vsnprintf.c.obj                136     0         0      
       memset_t2.asm.obj              122     0         0      
       copy_decompress_lzss.c.obj     104     0         0      
       s_frexp.c.obj                  100     0         0      
       sprintf.c.obj                  98      0         0      
       ltoa.c.obj                     84      0         0      
       atoi.c.obj                     76      0         0      
       fd_toi_t2.asm.obj              72      0         0      
       autoinit.c.obj                 68      0         0      
       fd_tou_t2.asm.obj              68      0         0      
       boot_cortex_m.c.obj            56      0         0      
       i_tofd_t2.asm.obj              46      0         0      
       memccpy.c.obj                  28      0         0      
       strcmp.c.obj                   24      0         0      
       strchr.c.obj                   22      0         0      
       s_copysign.c.obj               20      0         0      
       strcpy.c.obj                   20      0         0      
       strlen.c.obj                   20      0         0      
       wcslen.c.obj                   18      0         0      
       copy_decompress_none.c.obj     14      0         0      
       copy_zero_init.c.obj           12      0         0      
       errno.c.obj                    8       0         4      
       _lock.c.obj                    2       0         8      
       exit.c.obj                     4       0         0      
       pre_init.c.obj                 4       0         0      
       div0.asm.obj                   2       0         0      
    +--+------------------------------+-------+---------+---------+
       Total:                         14279   601       24     
                                                               
       Heap:                          0       0         1024   
       Stack:                         0       0         2048   
       Linker Generated:              0       98        0      
    +--+------------------------------+-------+---------+---------+
       Grand Total:                   26597   1342      29634  


LINKER GENERATED COPY TABLES

__TI_cinit_table @ 00006d20 records: 3, size/record: 8, table size: 24
	.data: load addr=00006cd0, load size=0000002e bytes, run addr=20007388, run size=00000045 bytes, compression=lzss
	.bss: load addr=00006d10, load size=00000008 bytes, run addr=20000270, run size=00006511 bytes, compression=zero_init
	.vtable: load addr=00006d18, load size=00000008 bytes, run addr=20000000, run size=0000026c bytes, compression=zero_init


LINKER GENERATED HANDLER TABLE

__TI_handler_table @ 00006d00 records: 3, size/record: 4, table size: 12
	index: 0, handler: __TI_zero_init
	index: 1, handler: __TI_decompress_lzss
	index: 2, handler: __TI_decompress_none


GLOBAL SYMBOLS: SORTED ALPHABETICALLY BY Name 

address   name                          
-------   ----                          
00006a59  C$$EXIT                       
00006a1f  CPUcpsie                      
00000b65  GPIOF_Handler                 
000069f1  IntMasterEnable               
0000682d  IntRegister                   
200073c4  OF_count                      
00006a37  ResetISR                      
00004969  TIMER3B_Handler               
20006f88  __STACK_END                   
00000800  __STACK_SIZE                  
20006988  __STACK_TOP                   
00000400  __SYSMEM_SIZE                 
00006d20  __TI_CINIT_Base               
00006d38  __TI_CINIT_Limit              
00006d00  __TI_Handler_Table_Base       
00006d0c  __TI_Handler_Table_Limit      
00006639  __TI_auto_init_nobinit_nopinit
000063db  __TI_decompress_lzss          
00006a11  __TI_decompress_none          
ffffffff  __TI_pprof_out_hndl           
00000cf5  __TI_printfi                  
ffffffff  __TI_prof_data_size           
ffffffff  __TI_prof_data_start          
00000000  __TI_static_base__            
00006a2b  __TI_zero_init                
0000616d  __aeabi_cdcmpeq               
0000616d  __aeabi_cdcmple               
000061f3  __aeabi_cdrcmple              
000065f1  __aeabi_d2iz                  
0000667d  __aeabi_d2uiz                 
00004f93  __aeabi_dadd                  
00005831  __aeabi_ddiv                  
00005cbd  __aeabi_dmul                  
00004f89  __aeabi_dsub                  
00006a4d  __aeabi_errno_addr            
00006891  __aeabi_i2d                   
00004db7  __aeabi_idiv0                 
00004db7  __aeabi_ldiv0                 
00006279  __aeabi_memclr                
00006279  __aeabi_memclr4               
00006279  __aeabi_memclr8               
0000603b  __aeabi_memcpy                
0000603b  __aeabi_memcpy4               
0000603b  __aeabi_memcpy8               
0000627b  __aeabi_memset                
0000627b  __aeabi_memset4               
0000627b  __aeabi_memset8               
000060d7  __aeabi_uldivmod              
ffffffff  __binit__                     
ffffffff  __c_args__                    
00005431  __kernel_cos                  
00002115  __kernel_rem_pio2             
000052bd  __kernel_sin                  
UNDEFED   __mpu_init                    
20006788  __stack                       
000067bd  _c_int00_noargs               
00006bb8  _ctypes_                      
200073bc  _lock                         
00001753  _nop                          
20006780  _prevButton                   
20006f88  _sys_memory                   
UNDEFED   _system_post_cinit            
00006a55  _system_pre_init              
200073c0  _unlock                       
00006a59  abort                         
20006770  angleDelta                    
000065a5  atoi                          
00004c51  backward                      
ffffffff  binit                         
00002c3b  bump                          
000051b9  button_checkButtons           
000051c3  button_getButton              
00005239  button_getButtonBlocking      
0000524d  button_getButtonChange        
00005277  button_getButtonChangeBlocking
00005141  button_handler                
0000514d  button_init                   
000068bf  calloc                        
00004cd1  check                         
00002b89  cliff                         
000069a3  copysign                      
000069a3  copysignl                     
0000350d  cos                           
0000350d  cosl                          
20007398  delta                         
20006740  distanceDelta                 
00002e8f  draw_heading                  
00002d5d  draw_map                      
00002beb  edge                          
20006748  endTime                       
200073c8  errno                         
00005db9  floor                         
00005db9  floorl                        
00004c93  forward                       
00005eb1  free                          
00006445  frexp                         
00006445  frexpl                        
20000000  g_pfnRAMVectors               
00000000  g_pfnVectors                  
00000b7f  getDegrees                    
00000921  go_charge                     
20006774  heading                       
00001755  ir_Handler                    
00001fad  ir_cal_hand                   
00001da5  ir_cal_ping                   
00001c41  ir_cal_putty                  
00001869  ir_calibrate                  
0000175f  ir_init                       
000017db  ir_pulse                      
00001819  ir_read                       
00001bc5  ir_test                       
00006a01  lcd_clear                     
000045a5  lcd_gotoLine                  
0000440d  lcd_init                      
0000460b  lcd_printf                    
000044cd  lcd_putc                      
00004505  lcd_puts                      
00004523  lcd_sendCommand               
00004561  lcd_sendNibble                
000045cd  lcd_setCursorPos              
00005bad  ldexp                         
00005bad  ldexpl                        
000064ff  ltoa                          
0000284d  main                          
000062f5  malloc                        
20000270  map                           
00002e41  map_init                      
00006911  memccpy                       
0000603b  memcpy                        
00006281  memset                        
000067f5  minit                         
20006778  moving                        
00002ecd  object_detect                 
0000026d  oi_alloc                      
00000a4b  oi_checkFirmware              
000002c3  oi_close                      
00000279  oi_free                       
000002ad  oi_init                       
00000289  oi_init_noupdate              
000008b7  oi_loadSong                   
0000695d  oi_parseInt                   
00000327  oi_parsePacket                
0000090d  oi_play_song                  
00000831  oi_setLeds                    
00000875  oi_setWheels                  
00000af3  oi_shutoff_init               
0000092f  oi_uartInit                   
000009d3  oi_uartReceive                
00000a19  oi_uartSendBuff               
000009b7  oi_uartSendChar               
000009fb  oi_uartSendStr                
000002d5  oi_update                     
00004989  ping_init                     
00004af5  ping_p1_main                  
00004a6d  ping_pulse                    
00004add  ping_read                     
00004a27  ping_sendPulse                
00004b09  ping_test                     
20007388  position                      
20006750  ppos                          
20007390  pulse_period                  
00005bad  scalbn                        
00005bad  scalbnl                       
00002b35  scan                          
000042e5  servo_calibrate               
000040d9  servo_init                    
000041cf  servo_p1_main                 
0000415f  servo_setAngle                
000040ad  servo_setPulse                
000041ff  servo_test                    
00003ae9  sin                           
00003ae9  sinl                          
000066c1  sprintf                       
20006758  startTime                     
20006670  str                           
0000698d  strchr                        
00006975  strcmp                        
000069b7  strcpy                        
000069cb  strlen                        
000056ad  timer_getClock                
00005661  timer_startClock              
000055fb  timer_startTimer              
000056b3  timer_stopClock               
0000564b  timer_stopTimer               
000055d1  timer_waitMicros              
0000559d  timer_waitMillis              
00004c11  turn_ccw                      
00004bd1  turn_clockwise                
2000677c  turning                       
00005969  uart_init                     
00005a13  uart_receive                  
UNDEFED   uart_recieve                  
000059f7  uart_sendChar                 
00005a39  uart_sendStr                  
00002c6b  update_position               
00006701  vsnprintf                     
000069df  wcslen                        
20006760  xPos                          
20006768  yPos                          
20007394  zero_offset                   


GLOBAL SYMBOLS: SORTED BY Symbol Address 

address   name                          
-------   ----                          
00000000  __TI_static_base__            
00000000  g_pfnVectors                  
0000026d  oi_alloc                      
00000279  oi_free                       
00000289  oi_init_noupdate              
000002ad  oi_init                       
000002c3  oi_close                      
000002d5  oi_update                     
00000327  oi_parsePacket                
00000400  __SYSMEM_SIZE                 
00000800  __STACK_SIZE                  
00000831  oi_setLeds                    
00000875  oi_setWheels                  
000008b7  oi_loadSong                   
0000090d  oi_play_song                  
00000921  go_charge                     
0000092f  oi_uartInit                   
000009b7  oi_uartSendChar               
000009d3  oi_uartReceive                
000009fb  oi_uartSendStr                
00000a19  oi_uartSendBuff               
00000a4b  oi_checkFirmware              
00000af3  oi_shutoff_init               
00000b65  GPIOF_Handler                 
00000b7f  getDegrees                    
00000cf5  __TI_printfi                  
00001753  _nop                          
00001755  ir_Handler                    
0000175f  ir_init                       
000017db  ir_pulse                      
00001819  ir_read                       
00001869  ir_calibrate                  
00001bc5  ir_test                       
00001c41  ir_cal_putty                  
00001da5  ir_cal_ping                   
00001fad  ir_cal_hand                   
00002115  __kernel_rem_pio2             
0000284d  main                          
00002b35  scan                          
00002b89  cliff                         
00002beb  edge                          
00002c3b  bump                          
00002c6b  update_position               
00002d5d  draw_map                      
00002e41  map_init                      
00002e8f  draw_heading                  
00002ecd  object_detect                 
0000350d  cos                           
0000350d  cosl                          
00003ae9  sin                           
00003ae9  sinl                          
000040ad  servo_setPulse                
000040d9  servo_init                    
0000415f  servo_setAngle                
000041cf  servo_p1_main                 
000041ff  servo_test                    
000042e5  servo_calibrate               
0000440d  lcd_init                      
000044cd  lcd_putc                      
00004505  lcd_puts                      
00004523  lcd_sendCommand               
00004561  lcd_sendNibble                
000045a5  lcd_gotoLine                  
000045cd  lcd_setCursorPos              
0000460b  lcd_printf                    
00004969  TIMER3B_Handler               
00004989  ping_init                     
00004a27  ping_sendPulse                
00004a6d  ping_pulse                    
00004add  ping_read                     
00004af5  ping_p1_main                  
00004b09  ping_test                     
00004bd1  turn_clockwise                
00004c11  turn_ccw                      
00004c51  backward                      
00004c93  forward                       
00004cd1  check                         
00004db7  __aeabi_idiv0                 
00004db7  __aeabi_ldiv0                 
00004f89  __aeabi_dsub                  
00004f93  __aeabi_dadd                  
00005141  button_handler                
0000514d  button_init                   
000051b9  button_checkButtons           
000051c3  button_getButton              
00005239  button_getButtonBlocking      
0000524d  button_getButtonChange        
00005277  button_getButtonChangeBlocking
000052bd  __kernel_sin                  
00005431  __kernel_cos                  
0000559d  timer_waitMillis              
000055d1  timer_waitMicros              
000055fb  timer_startTimer              
0000564b  timer_stopTimer               
00005661  timer_startClock              
000056ad  timer_getClock                
000056b3  timer_stopClock               
00005831  __aeabi_ddiv                  
00005969  uart_init                     
000059f7  uart_sendChar                 
00005a13  uart_receive                  
00005a39  uart_sendStr                  
00005bad  ldexp                         
00005bad  ldexpl                        
00005bad  scalbn                        
00005bad  scalbnl                       
00005cbd  __aeabi_dmul                  
00005db9  floor                         
00005db9  floorl                        
00005eb1  free                          
0000603b  __aeabi_memcpy                
0000603b  __aeabi_memcpy4               
0000603b  __aeabi_memcpy8               
0000603b  memcpy                        
000060d7  __aeabi_uldivmod              
0000616d  __aeabi_cdcmpeq               
0000616d  __aeabi_cdcmple               
000061f3  __aeabi_cdrcmple              
00006279  __aeabi_memclr                
00006279  __aeabi_memclr4               
00006279  __aeabi_memclr8               
0000627b  __aeabi_memset                
0000627b  __aeabi_memset4               
0000627b  __aeabi_memset8               
00006281  memset                        
000062f5  malloc                        
000063db  __TI_decompress_lzss          
00006445  frexp                         
00006445  frexpl                        
000064ff  ltoa                          
000065a5  atoi                          
000065f1  __aeabi_d2iz                  
00006639  __TI_auto_init_nobinit_nopinit
0000667d  __aeabi_d2uiz                 
000066c1  sprintf                       
00006701  vsnprintf                     
000067bd  _c_int00_noargs               
000067f5  minit                         
0000682d  IntRegister                   
00006891  __aeabi_i2d                   
000068bf  calloc                        
00006911  memccpy                       
0000695d  oi_parseInt                   
00006975  strcmp                        
0000698d  strchr                        
000069a3  copysign                      
000069a3  copysignl                     
000069b7  strcpy                        
000069cb  strlen                        
000069df  wcslen                        
000069f1  IntMasterEnable               
00006a01  lcd_clear                     
00006a11  __TI_decompress_none          
00006a1f  CPUcpsie                      
00006a2b  __TI_zero_init                
00006a37  ResetISR                      
00006a4d  __aeabi_errno_addr            
00006a55  _system_pre_init              
00006a59  C$$EXIT                       
00006a59  abort                         
00006bb8  _ctypes_                      
00006d00  __TI_Handler_Table_Base       
00006d0c  __TI_Handler_Table_Limit      
00006d20  __TI_CINIT_Base               
00006d38  __TI_CINIT_Limit              
20000000  g_pfnRAMVectors               
20000270  map                           
20006670  str                           
20006740  distanceDelta                 
20006748  endTime                       
20006750  ppos                          
20006758  startTime                     
20006760  xPos                          
20006768  yPos                          
20006770  angleDelta                    
20006774  heading                       
20006778  moving                        
2000677c  turning                       
20006780  _prevButton                   
20006788  __stack                       
20006988  __STACK_TOP                   
20006f88  __STACK_END                   
20006f88  _sys_memory                   
20007388  position                      
20007390  pulse_period                  
20007394  zero_offset                   
20007398  delta                         
200073bc  _lock                         
200073c0  _unlock                       
200073c4  OF_count                      
200073c8  errno                         
ffffffff  __TI_pprof_out_hndl           
ffffffff  __TI_prof_data_size           
ffffffff  __TI_prof_data_start          
ffffffff  __binit__                     
ffffffff  __c_args__                    
ffffffff  binit                         
UNDEFED   __mpu_init                    
UNDEFED   _system_post_cinit            
UNDEFED   uart_recieve                  

[200 symbols]
